{
  "filters_used": [
    {
      "path": "detect_secrets.filters.allowlist.is_line_allowlisted"
    },
    {
      "min_level": 2,
      "path": "detect_secrets.filters.common.is_ignored_due_to_verification_policies"
    },
    {
      "path": "detect_secrets.filters.heuristic.is_indirect_reference"
    },
    {
      "path": "detect_secrets.filters.heuristic.is_likely_id_string"
    },
    {
      "path": "detect_secrets.filters.heuristic.is_lock_file"
    },
    {
      "path": "detect_secrets.filters.heuristic.is_not_alphanumeric_string"
    },
    {
      "path": "detect_secrets.filters.heuristic.is_potential_uuid"
    },
    {
      "path": "detect_secrets.filters.heuristic.is_prefixed_with_dollar_sign"
    },
    {
      "path": "detect_secrets.filters.heuristic.is_sequential_string"
    },
    {
      "path": "detect_secrets.filters.heuristic.is_swagger_file"
    },
    {
      "path": "detect_secrets.filters.heuristic.is_templated_secret"
    }
  ],
  "generated_at": "2026-09-18T15:54:59Z",
  "plugins_used": [
    {
      "name": "ArtifactoryDetector"
    },
    {
      "name": "AWSKeyDetector"
    },
    {
      "name": "AzureStorageKeyDetector"
    },
    {
      "limit": 4.5,
      "name": "Base64HighEntropyString"
    },
    {
      "name": "BasicAuthDetector"
    },
    {
      "name": "CloudantDetector"
    },
    {
      "name": "DiscordBotTokenDetector"
    },
    {
      "name": "GitHubTokenDetector"
    },
    {
      "name": "GitLabTokenDetector"
    },
    {
      "limit": 3.0,
      "name": "HexHighEntropyString"
    },
    {
      "name": "IbmCloudIamDetector"
    },
    {
      "name": "IbmCosHmacDetector"
    },
    {
      "name": "IPPublicDetector"
    },
    {
      "name": "JwtTokenDetector"
    },
    {
      "keyword_exclude": "",
      "name": "KeywordDetector"
    },
    {
      "name": "MailchimpDetector"
    },
    {
      "name": "NpmDetector"
    },
    {
      "name": "OpenAIDetector"
    },
    {
      "name": "PrivateKeyDetector"
    },
    {
      "name": "PypiTokenDetector"
    },
    {
      "name": "SendGridDetector"
    },
    {
      "name": "SlackDetector"
    },
    {
      "name": "SoftlayerDetector"
    },
    {
      "name": "SquareOAuthDetector"
    },
    {
      "name": "StripeDetector"
    },
    {
      "name": "TelegramBotTokenDetector"
    },
    {
      "name": "TwilioKeyDetector"
    }
  ],
  "results": {
    "examples\\reports\\miner-readiness.public.json": [
      {
        "filename": "examples\\reports\\miner-readiness.public.json",
        "hashed_secret": "359b822d1e8be6d0c19894bb9b5390bff74db5d8",
        "is_verified": false,
        "line_number": 1,
        "type": "Hex High Entropy String"
      }
    ],
    "examples\\reports\\public-readiness-report.json": [
      {
        "filename": "examples\\reports\\public-readiness-report.json",
        "hashed_secret": "0483c012782ac4ef2ce4c0f4092ce16d8eda47fd",
        "is_verified": false,
        "line_number": 1,
        "type": "Hex High Entropy String"
      },
      {
        "filename": "examples\\reports\\public-readiness-report.json",
        "hashed_secret": "359b822d1e8be6d0c19894bb9b5390bff74db5d8",
        "is_verified": false,
        "line_number": 1,
        "type": "Hex High Entropy String"
      }
    ],
    "examples\\reports\\validator-readiness.public.json": [
      {
        "filename": "examples\\reports\\validator-readiness.public.json",
        "hashed_secret": "359b822d1e8be6d0c19894bb9b5390bff74db5d8",
        "is_verified": false,
        "line_number": 1,
        "type": "Hex High Entropy String"
      }
    ],
    "fixtures\\hardware\\secret-leak-trap.json": [
      {
        "filename": "fixtures\\hardware\\secret-leak-trap.json",
        "hashed_secret": "1348b145fa1a555461c1b790a2f66614781091e9",
        "is_verified": false,
        "line_number": 1,
        "type": "Private Key"
      }
    ],
    "fixtures\\receipts\\ed25519-rfc8032-test1.json": [
      {
        "filename": "fixtures\\receipts\\ed25519-rfc8032-test1.json",
        "hashed_secret": "c699e61bfd3e29f20a3404af11c842e87b3f7da8",
        "is_verified": false,
        "line_number": 5,
        "type": "Base64 High Entropy String"
      }
    ],
    "fixtures\\reports\\readiness-valid.json": [
      {
        "filename": "fixtures\\reports\\readiness-valid.json",
        "hashed_secret": "359b822d1e8be6d0c19894bb9b5390bff74db5d8",
        "is_verified": false,
        "line_number": 7,
        "type": "Hex High Entropy String"
      }
    ],
    "fixtures\\simulations\\session-request-valid.json": [
      {
        "filename": "fixtures\\simulations\\session-request-valid.json",
        "hashed_secret": "b670771443137bc836850b706f4d2d44cf40337f",
        "is_verified": false,
        "line_number": 11,
        "type": "Hex High Entropy String"
      }
    ],
    "scripts\\verify_install.py": [
      {
        "filename": "scripts\\verify_install.py",
        "hashed_secret": "8c666cff7a2ad64981ad386f6d5a0ac2cdf4803f",
        "is_verified": false,
        "line_number": 332,
        "type": "Hex High Entropy String"
      }
    ],
    "src\\flopbench\\receipt\\codec.py": [
      {
        "filename": "src\\flopbench\\receipt\\codec.py",
        "hashed_secret": "1fbf29f4d01704e52025ffc9a6d73b5241be9e10",
        "is_verified": false,
        "line_number": 11,
        "type": "Base64 High Entropy String"
      }
    ],
    "tests\\contract\\test_repository_documents.py": [
      {
        "filename": "tests\\contract\\test_repository_documents.py",
        "hashed_secret": "4cb36040491d595bcbea8bf6118d4757b2a3bcfb",
        "is_verified": false,
        "line_number": 7,
        "type": "Hex High Entropy String"
      }
    ],
    "tests\\contract\\test_stage11_release.py": [
      {
        "filename": "tests\\contract\\test_stage11_release.py",
        "hashed_secret": "8c666cff7a2ad64981ad386f6d5a0ac2cdf4803f",
        "is_verified": false,
        "line_number": 33,
        "type": "Hex High Entropy String"
      }
    ],
    "tests\\security\\test_stage2_probe_security.py": [
      {
        "filename": "tests\\security\\test_stage2_probe_security.py",
        "hashed_secret": "1348b145fa1a555461c1b790a2f66614781091e9",
        "is_verified": false,
        "line_number": 23,
        "type": "Private Key"
      }
    ],
    "tests\\security\\test_stage5_benchmark_security.py": [
      {
        "filename": "tests\\security\\test_stage5_benchmark_security.py",
        "hashed_secret": "27b137775a7332976fe742c64307e337c8d6ee7d",
        "is_verified": false,
        "line_number": 25,
        "type": "Secret Keyword"
      }
    ],
    "tests\\security\\test_stage6_reporting_security.py": [
      {
        "filename": "tests\\security\\test_stage6_reporting_security.py",
        "hashed_secret": "1348b145fa1a555461c1b790a2f66614781091e9",
        "is_verified": false,
        "line_number": 82,
        "type": "Private Key"
      }
    ],
    "tests\\security\\test_stage8_receipt_security.py": [
      {
        "filename": "tests\\security\\test_stage8_receipt_security.py",
        "hashed_secret": "a936ddb0c474faccb7ae88691b5d9ba304e26227",
        "is_verified": false,
        "line_number": 28,
        "type": "Secret Keyword"
      }
    ],
    "tests\\unit\\test_benchmark.py": [
      {
        "filename": "tests\\unit\\test_benchmark.py",
        "hashed_secret": "e5e9fa1ba31ecd1ae84f75caaa474f3a663f05f4",
        "is_verified": false,
        "line_number": 239,
        "type": "Basic Auth Credentials"
      }
    ]
  },
  "version": "1.5.0"
}
